Building Windows application...                                 
flutter : lib/features/budget/views/budget_view.dart(150,32): error 
G036AE10F: Required named parameter 'onOpenGoals' must be provided. [C
:\Users\41786\Projets\Solver\build\windows\x64\flutter\flutter_assembl
e.vcxproj]
Au caractère Ligne:1 : 1
+ flutter build windows > build_output.txt 2>&1
+ ~~~~~~~~~~~~~~~~~~~~~~~~~~~~~~~~~~~~~~~~~~~~~
    + CategoryInfo          : NotSpecified: (lib/features/bu...semble 
   .vcxproj]:String) [], RemoteException
    + FullyQualifiedErrorId : NativeCommandError
 
C:\Program Files (x86)\Microsoft Visual Studio\2022\BuildTools\MSBuild
\Microsoft\VC\v170\Microsoft.CppCommon.targets(254,5): error MSB8066: 
la build personnalis├®e de 'C:\Users\41786\Projets\Solver\build\window
s\x64\CMakeFiles\b141f1d945ec3b76fa6f97c7e45dc300\flutter_windows.dll.
rule;C:\Users\41786\Projets\Solver\build\windows\x64\CMakeFiles\3b79da
d4b059fd73501c61e3fefea722\flutter_assemble.rule' s'est arr├¬t├®e. 
Code┬á1. [C:\Users\41786\Projets\Solver\build\windows\x64\flutter\flut
ter_assemble.vcxproj]
Building Windows application...                                    39,7s
Build process failed.
